/wps/portal/dpss /en.html
/wps/portal/dpss/main/about-us /en/about.html
/wps/portal/dpss/main/about-us/additional-resources/dpsstats /en/about.html
/wps/portal/dpss/main/about-us/commentssuggestions /en/resources/contact.html
/wps/portal/dpss/main/about-us/contact-the-webmaster /en/web-forms/contact-webmaster.html
/wps/portal/dpss/main/about-us/customer-service-center /en/services.html
/wps/portal/dpss/main/about-us/customer-service-center/faqs /en/customer-service.html
/wps/portal/dpss/main/about-us/dpss-history /en/about/history.html
/wps/portal/dpss/main/about-us/fppc /en/about.html
/wps/portal/dpss/main/about-us/frequently-asked-questions /en/about/faq.html
/wps/portal/dpss/main/about-us/helpful-phone-numbers /en/resources/contact.html
/wps/portal/dpss/main/about-us/human-resources-division /en/about/hr.html
/wps/portal/dpss/main/about-us/human-resources-division/internal-affairs /en/about/hr.html
/wps/portal/dpss/main/about-us/information-and-statistical-services /en/about/statistical-reports.html
/wps/portal/dpss/main/about-us/intergovernmental-relations /en/about/igr.html
/wps/portal/dpss/main/about-us/management-and-research-services /en/about/mrs.html
/wps/portal/dpss/main/about-us/management-and-research-services/dpss-award-nominations /en/about/mrs.html
/wps/portal/dpss/main/about-us/management-and-research-services/process-assessments /en/about/mrs.html
/wps/portal/dpss/main/about-us/management-and-research-services/research-library /en/about/mrs.html
/wps/portal/dpss/main/about-us/management-and-research-services/research-projects /en/about/mrs/library.html
/wps/portal/dpss/main/about-us/management-and-research-services/strategic-plan-coordination /en/about/mrs.html
/wps/portal/dpss/main/about-us/management-and-research-services/work-measurement-studies /en/about/mrs.html
/wps/portal/dpss/main/about-us/management-information-and-evaluation /en/about/mie.html
/wps/portal/dpss/main/about-us/managementorg-chart /en/about.html
/wps/portal/dpss/main/about-us/managementorg-chart/administrative-services /en/about.html
/wps/portal/dpss/main/about-us/managementorg-chart/contract-and-technical-services /en/about.html
/wps/portal/dpss/main/about-us/managementorg-chart/program-and-policy /en/about.html
/wps/portal/dpss/main/about-us/managementorg-chart/special-operations /en/about.html
/wps/portal/dpss/main/about-us/managementorg-chart/workforce-services /en/about.html
/wps/portal/dpss/main/about-us/media /en/about/media.html
/wps/portal/dpss/main/about-us/pss-commission /en/about/pss.html
/wps/portal/dpss/main/about-us/pss-commission/pss-calendar /en/about/pss.html
/wps/portal/dpss/main/about-us/pss-commission/pss-commissioners /en/about/pss.html
/wps/portal/dpss/main/about-us/pss-commission/pss-committees /en/about/pss.html
/wps/portal/dpss/main/about-us/pss-commission/pss-meetings /en/about/pss.html
/wps/portal/dpss/main/about-us/pss-commission/pss-photos /en/about/pss.html
/wps/portal/dpss/main/about-us/strategic-plan /en/about.html
/wps/portal/dpss/main/about-us/welfare-advisory-committee /en/about/wac.html
/wps/portal/dpss/main/business /en/business.html
/wps/portal/dpss/main/business/community-services-block-grant /en/community/csbg.html
/wps/portal/dpss/main/business/community-services-block-grant/community-action-board-cab /en/community/csbg/cab.html
/wps/portal/dpss/main/business/contract-opportunities /en/business/contracts.html
/wps/portal/dpss/main/business/employer-services /en/jobs/gain.html
/wps/portal/dpss/main/business/employer-services/business-resources /en/jobs/grow/employer.html
/wps/portal/dpss/main/business/employer-services/employer-faqs /en/jobs/grow/employer.html
/wps/portal/dpss/main/business/employer-services/job-development-team /en/jobs/grow/employer/job-developer.html
/wps/portal/dpss/main/business/employer-services/our-locations /en/jobs/grow/employer.html
/wps/portal/dpss/main/business/employer-services/service-benefits /en/jobs/grow/employer.html
/wps/portal/dpss/main/business/employer-services/state-and-federal-tax-incentives /en/jobs/grow/employer.html
/wps/portal/dpss/main/business/employer-services/submit-job-order /en/jobs/grow/employer.html
/wps/portal/dpss/main/home/contact-us /en/resources/contact.html
/wps/portal/dpss/main/home/event-calendar /en/events.html
/wps/portal/dpss/main/home/office-locations /en/resources/offices.html
/wps/portal/dpss/main/programs-and-services /en.html
/wps/portal/dpss/main/programs-and-services/appeals-and-state-hearings /en/rights/ash.html
/wps/portal/dpss/main/programs-and-services/calfresh /en/food/calfresh.html
/wps/portal/dpss/main/programs-and-services/calfresh/application-assisters /en/food/calfresh.html
/wps/portal/dpss/main/programs-and-services/calfresh/awareness-month /en/food/calfresh.html
/wps/portal/dpss/main/programs-and-services/calfresh/eligibility /en/food/calfresh/gross-income.html
/wps/portal/dpss/main/programs-and-services/calfresh/how-to-apply /en/food/calfresh.html
/wps/portal/dpss/main/programs-and-services/calfresh/media-corner /en/food/calfresh.html
/wps/portal/dpss/main/programs-and-services/calfresh/nutrition /en/food/calfresh.html
/wps/portal/dpss/main/programs-and-services/calfresh/outreach /en/food/calfresh.html
/wps/portal/dpss/main/programs-and-services/calfresh/photos /en/food/calfresh.html
/wps/portal/dpss/main/programs-and-services/calfresh/usage-and-benefits-chart /en/food/calfresh.html
/wps/portal/dpss/main/programs-and-services/calfresh/videos /en/food/calfresh.html
/wps/portal/dpss/main/programs-and-services/calworks /en/cash/calworks.html
/wps/portal/dpss/main/programs-and-services/calworks/arc /en/cash/calworks.html
/wps/portal/dpss/main/programs-and-services/calworks/arco /en/cash/calworks.html
/wps/portal/dpss/main/programs-and-services/calworks/callearn-program /en/cash/calworks.html
/wps/portal/dpss/main/programs-and-services/calworks/child-care-program /en/cash/calworks.html
/wps/portal/dpss/main/programs-and-services/calworks/educational-program /en/cash/calworks.html
/wps/portal/dpss/main/programs-and-services/calworks/eligibility /en/cash/calworks.html
/wps/portal/dpss/main/programs-and-services/calworks/free-events /en/cash/calworks.html
/wps/portal/dpss/main/programs-and-services/calworks/quick-facts /en/cash/calworks.html
/wps/portal/dpss/main/programs-and-services/calworks/sar /en/cash/calworks.html
/wps/portal/dpss/main/programs-and-services/calworks/time-limits /en/cash/calworks.html
/wps/portal/dpss/main/programs-and-services/calworks/time-limit-workshop /en/cash/calworks.html
/wps/portal/dpss/main/programs-and-services/calworks/tribal-tanf /en/cash/calworks.html
/wps/portal/dpss/main/programs-and-services/calworks/welfare-to-work /en/cash/calworks.html
/wps/portal/dpss/main/programs-and-services/cash-assistance-program-for-immigrants /en/cash/capi.html
/wps/portal/dpss/main/programs-and-services/cash-assistance-program-for-immigrants/faqs /en/cash/capi.html
/wps/portal/dpss/main/programs-and-services/child-care /en/jobs/childcare.html
/wps/portal/dpss/main/programs-and-services/child-care/before-and-after-school-programs /en/jobs/childcare.html
/wps/portal/dpss/main/programs-and-services/child-care/child-care-choices /en/jobs/childcare.html
/wps/portal/dpss/main/programs-and-services/child-care/faqs /en/jobs/childcare.html
/wps/portal/dpss/main/programs-and-services/child-care/how-do-i-find-what-i-need /en/jobs/childcare.html
/wps/portal/dpss/main/programs-and-services/child-care/how-to-become-a-licensed-provider /en/jobs/childcare.html
/wps/portal/dpss/main/programs-and-services/child-care/referral-agencies /en/jobs/childcare.html
/wps/portal/dpss/main/programs-and-services/child-care/what-is-quality-child-care /en/jobs/childcare.html
/wps/portal/dpss/main/programs-and-services/civilrights /en/rights/rights.html
/wps/portal/dpss/main/programs-and-services/electronic-benefit-transfer /en/food/ebt.html
/wps/portal/dpss/main/programs-and-services/electronic-benefit-transfer/archives /en/food/ebt.html
/wps/portal/dpss/main/programs-and-services/electronic-benefit-transfer/faqs /en/food/ebt.html
/wps/portal/dpss/main/programs-and-services/electronic-benefit-transfer/protecting-your-ebt-card /en/food/ebt.html
/wps/portal/dpss/main/programs-and-services/electronic-benefit-transfer/stagger-days /en/food/ebt.html
/wps/portal/dpss/main/programs-and-services/electronic-benefit-transfer/terms-to-know /en/food/ebt.html
/wps/portal/dpss/main/programs-and-services/emergency-management /en/about.html
/wps/portal/dpss/main/programs-and-services/general-relief /en/cash/gr/eligibility.html
/wps/portal/dpss/main/programs-and-services/general-relief/qr-7-la /en/cash/gr/eligibility.html
/wps/portal/dpss/main/programs-and-services/general-relief-opportunities-for-work /en/jobs/grow.html
/wps/portal/dpss/main/programs-and-services/general-relief-opportunities-for-work/faqs /en/jobs/grow/employer/job-developer.html
/wps/portal/dpss/main/programs-and-services/general-relief-opportunities-for-work/noncompliance-sanction-policy-changes /en/jobs/grow.html
/wps/portal/dpss/main/programs-and-services/greater-avenues-for-independence /en/jobs/gain.html
/wps/portal/dpss/main/programs-and-services/greater-avenues-for-independence/overview /en/jobs/gain.html
/wps/portal/dpss/main/programs-and-services/greater-avenues-for-independence/refugee-employment-program /en/jobs/rep.html
/wps/portal/dpss/main/programs-and-services/health-care /en/health.html
/wps/portal/dpss/main/programs-and-services/health-care/additional-health-care-resources /en/health/programs.html
/wps/portal/dpss/main/programs-and-services/health-care/additional-health-care-resources/access-manual /en/health/programs.html
/wps/portal/dpss/main/programs-and-services/health-care/additional-health-care-resources/health-care-options /en/health/programs.html
/wps/portal/dpss/main/programs-and-services/health-care/additional-health-care-resources/health-care-reform /en/health/programs.html
/wps/portal/dpss/main/programs-and-services/health-care/additional-health-care-resources/information-for-immigrants /en/health/programs.html
/wps/portal/dpss/main/programs-and-services/health-care/adults /en/health/adults.html
/wps/portal/dpss/main/programs-and-services/health-care/adults/other-free-or-low-cost-plans /en/health/adults.html
/wps/portal/dpss/main/programs-and-services/health-care/children-and-youth /en/health/children.html
/wps/portal/dpss/main/programs-and-services/health-care/children-and-youth/childrens-no-cost-medi-cal-services /en/health/children.html
/wps/portal/dpss/main/programs-and-services/health-care/children-and-youth/former-foster-care-children /en/health/children.html
/wps/portal/dpss/main/programs-and-services/health-care/estate-recovery-program /en/health/programs.html
/wps/portal/dpss/main/programs-and-services/health-care/families /en/health/children.html
/wps/portal/dpss/main/programs-and-services/health-care/families/transitional-medi-cal-programs /en/health/children.html
/wps/portal/dpss/main/programs-and-services/health-care/pregnant-women /en/health/pregnant.html
/wps/portal/dpss/main/programs-and-services/health-care/pregnant-women/medi-cal-access-program /en/health/pregnant.html
/wps/portal/dpss/main/programs-and-services/health-care/pregnant-women/pregnant-only-medi-cal-services /en/health/pregnant.html
/wps/portal/dpss/main/programs-and-services/health-care/seniors-disabilities /en/health/senior-disabled.html
/wps/portal/dpss/main/programs-and-services/health-care/seniors-disabilities/long-term-care-medi-cal /en/health/ltc.html
/wps/portal/dpss/main/programs-and-services/health-care/seniors-disabilities/medi-cal-for-seniors-and-persons-with-disabilities /en/health/senior-disabled.html
/wps/portal/dpss/main/programs-and-services/health-care/seniors-disabilities/medicare /en/health/senior-disabled.html
/wps/portal/dpss/main/programs-and-services/health-care/seniors-disabilities/medicare-savings-program /en/health/savings.html
/wps/portal/dpss/main/programs-and-services/health-care/seniors-disabilities/other-health-care-programs-and-services /en/health/senior-disabled.html
/wps/portal/dpss/main/programs-and-services/health-care/seniors-disabilities/pickle-amendment-programs /en/health/senior-disabled.html
/wps/portal/dpss/main/programs-and-services/health-care/special-health-programs /en/health/programs.html
/wps/portal/dpss/main/programs-and-services/health-care/special-health-programs/california-children-services-programs /en/health/programs.html
/wps/portal/dpss/main/programs-and-services/health-care/special-health-programs/dds-home-and-community-based-services /en/health/programs.html
/wps/portal/dpss/main/programs-and-services/health-care/special-health-programs/dialysis-or-total-parental-hyperalimentation-program /en/health/programs.html
/wps/portal/dpss/main/programs-and-services/health-care/special-health-programs/tuberculosis-program /en/health/programs.html
/wps/portal/dpss/main/programs-and-services/homeless-services /en/homeless/homeless.html
/wps/portal/dpss/main/programs-and-services/homeless-services/fact-sheets /en/homeless/homeless.html
/wps/portal/dpss/main/programs-and-services/homeless-services/flyers /en/homeless/homeless.html
/wps/portal/dpss/main/programs-and-services/important-notice-for-immigrants /en/community/immigrants.html
/wps/portal/dpss/main/programs-and-services/in-home-supportive-services /en/senior-and-disabled/ihss.html
/wps/portal/dpss/main/programs-and-services/in-home-supportive-services/consumers /en/senior-and-disabled/ihss/recipients.html
/wps/portal/dpss/main/programs-and-services/in-home-supportive-services/consumers/consumer-forms /en/senior-and-disabled/ihss/recipients.html
/wps/portal/dpss/main/programs-and-services/in-home-supportive-services/consumers/faqs /en/senior-and-disabled/ihss/recipients.html
/wps/portal/dpss/main/programs-and-services/in-home-supportive-services/providers /en/senior-and-disabled/ihss/providers.html
/wps/portal/dpss/main/programs-and-services/in-home-supportive-services/providers/faqs /en/senior-and-disabled/ihss/providers.html
/wps/portal/dpss/main/programs-and-services/in-home-supportive-services/providers/provider-forms /en/senior-and-disabled/ihss/providers.html
/wps/portal/dpss/main/programs-and-services/linkages /en/jobs/gain/sss/linkages.html
/wps/portal/dpss/main/programs-and-services/mcrd /en/resources/mcrd.html
/wps/portal/dpss/main/programs-and-services/outreach /en/resources.html
/wps/portal/dpss/main/programs-and-services/outreach/calendar-of-events /en/events.html
/wps/portal/dpss/main/programs-and-services/restaurant-meals /en/food/meals.html
/wps/portal/dpss/main/programs-and-services/restaurant-meals/participant-information /en/food/meals.html
/wps/portal/dpss/main/programs-and-services/restaurant-meals/participant-information/faqs /en/food/meals.html
/wps/portal/dpss/main/programs-and-services/restaurant-meals/restaurant-owner-information /en/food/meals.html
/wps/portal/dpss/main/programs-and-services/restaurant-meals/restaurant-owner-information/faqs /en/food/meals.html
/wps/portal/dpss/main/programs-and-services/specialized-supportive-services /en/jobs/gain/sss.html
/wps/portal/dpss/main/programs-and-services/specialized-supportive-services/battered-women-shelters-and-walk-in-centers /en/jobs/gain/sss/domestic-violence/shelters.html
/wps/portal/dpss/main/programs-and-services/specialized-supportive-services/domestic-violence /en/jobs/gain/sss/domestic-violence.html
/wps/portal/dpss/main/programs-and-services/specialized-supportive-services/mental-health /en/jobs/gain/sss/mental-health.html
/wps/portal/dpss/main/programs-and-services/specialized-supportive-services/substance-use-disorder /en/jobs/gain/sss/substance.html
/wps/portal/dpss/main/programs-and-services/specialized-supportive-services/violence-against-women-act /en/jobs/gain/sss/domestic-violence/vawa.html
/wps/portal/dpss/main/programs-and-services/supplemental-security-income-medi-cal-advocacy-program /en/cash/gr/eligibility.html
/wps/portal/dpss/main/programs-and-services/supplemental-security-income-medi-cal-advocacy-program/overview /en/cash/gr/eligibility.html
/wps/portal/dpss/main/programs-and-services/supplemental-security-income-medi-cal-advocacy-program/ssi-advocacy-referrals /en/cash/gr/eligibility.html
/wps/portal/dpss/main/programs-and-services/supplemental-security-income-medi-cal-advocacy-program/ssi-application /en/cash/gr/eligibility.html
/wps/portal/dpss/main/programs-and-services/supplemental-security-income-medi-cal-advocacy-program/ssi-hearing /en/cash/gr/eligibility.html
/wps/portal/dpss/main/programs-and-services/supplemental-security-income-medi-cal-advocacy-program/ssi-initial-interview /en/cash/gr/eligibility.html
/wps/portal/dpss/main/programs-and-services/supplemental-security-income-medi-cal-advocacy-program/ssi-noncompliance /en/cash/gr/eligibility.html
/wps/portal/dpss/main/programs-and-services/supplemental-security-income-medi-cal-advocacy-program/ssi-request-for-reconsideration /en/cash/gr/eligibility.html
/wps/portal/dpss/main/programs-and-services/supplemental-security-income-medi-cal-advocacy-program/ssi-supportive-services /en/cash/gr/eligibility.html
/wps/portal/dpss/main/programs-and-services/toy-loan /en/community/toy-loan.html
/wps/portal/dpss/main/programs-and-services/veterans-and-us-military-resources /en/community/veterans.html
/wps/portal/dpss/main/programs-and-services/volunteer-services /en/community/volunteer.html
/wps/portal/dpss/main/programs-and-services/welfare-fraud-prevention-and-investigation /en/resources/wfpi.html
/wps/portal/dpss/main/programs-and-services/welfare-fraud-prevention-and-investigation/report-fraud-online /en/resources/wfpi.html
/wps/portal/dpss/main/programs-and-services/youth-services /en/jobs/gain/cal-learn.html
